// Jest Snapshot v1, https://goo.gl/fbAQLP

exports[`<Header /> component Snapshot testing header 1`] = `ReactWrapper {}`;
