// Jest Snapshot v1, https://goo.gl/fbAQLP

exports[`<Directory /> Check for snapshot testing 1`] = `ShallowWrapper {}`;
